I'm sorry, but errors were detected in your script. Please correct the
errors listed below, and try again.


File "game/screens.rpy", line 8597: keyword argument 'xmaximum' is incompatible with 'xsize'.
    xmaximum 200
            ^

File "game/screens.rpy", line 8599: keyword argument 'ymaximum' is incompatible with 'ysize'.
    ymaximum 90
            ^

Ren'Py Version: Ren'Py 8.5.0.25111603
Tue Dec 30 02:01:19 2025
